.
`-- p_cutoff_0.40
    `-- chant
        |-- leaps_and_melodic_outlines_L5M5
        |   `-- sequences
        |       |-- mode_degrees
        |       |   |-- dendrogram__2.authentic_2.E.png
        |       |   `-- stacked_bar_chart__2.authentic_2.E.png
        |       `-- pcs
        |           |-- dendrogram__2.authentic_2.E.png
        |           `-- stacked_bar_chart__2.authentic_2.E.png
        |-- pc_freqs
        |   `-- sequences
        |       |-- mode_degrees
        |       |   |-- dendrogram__1.final_8.C.png
        |       |   `-- stacked_bar_chart__1.final_8.C.png
        |       `-- pcs
        |           |-- dendrogram__1.final_8.C.png
        |           `-- stacked_bar_chart__1.final_8.C.png
        `-- tendency
            `-- sequences
                |-- mode_degrees
                |   |-- dendrogram__2.authentic_2.E.png
                |   |-- stacked_bar_chart__2.authentic_2.E__01.png
                |   `-- stacked_bar_chart__2.authentic_2.E__02.png
                `-- pcs
                    |-- dendrogram__2.authentic_2.E.png
                    |-- stacked_bar_chart__2.authentic_2.E__01.png
                    `-- stacked_bar_chart__2.authentic_2.E__02.png

14 directories, 14 files
